
> frontend@0.1.0 build
> next build

   ▲ Next.js 15.1.7
   - Environments: .env.local

   Creating an optimized production build ...
 ✓ Compiled successfully
   Linting and checking validity of types ...
   Collecting page data ...
   Generating static pages (0/5) ...
 ⚠ metadataBase property in metadata export is not set for resolving social open graph or twitter images, using "http://localhost:3000". See https://nextjs.org/docs/app/api-reference/functions/generate-metadata#metadatabase
 ⚠ Unsupported metadata themeColor is configured in metadata export in /_not-found. Please move it to viewport export instead.
Read more: https://nextjs.org/docs/app/api-reference/functions/generate-viewport
 ⚠ Unsupported metadata themeColor is configured in metadata export in /_not-found. Please move it to viewport export instead.
Read more: https://nextjs.org/docs/app/api-reference/functions/generate-viewport
Error occurred prerendering page "/_not-found". Read more: https://nextjs.org/docs/messages/prerender-error
Error: Attempted to call useTheme() from the server but useTheme is on the client. It's not possible to invoke a client function from the server, it can only be rendered as a Component or passed to props of a Client Component.
    at /home/dell/aurvyz/aurvyz/frontend/.next/server/chunks/304.js:15:54800
    at i (/home/dell/aurvyz/aurvyz/frontend/.next/server/app/_not-found/page.js:1:2853)
    at ek (/home/dell/aurvyz/aurvyz/frontend/node_modules/next/dist/compiled/next-server/app-page.runtime.prod.js:84:13368)
    at e (/home/dell/aurvyz/aurvyz/frontend/node_modules/next/dist/compiled/next-server/app-page.runtime.prod.js:84:17266)
    at e$ (/home/dell/aurvyz/aurvyz/frontend/node_modules/next/dist/compiled/next-server/app-page.runtime.prod.js:84:17728)
    at Array.toJSON (/home/dell/aurvyz/aurvyz/frontend/node_modules/next/dist/compiled/next-server/app-page.runtime.prod.js:84:14874)
    at stringify (<anonymous>)
    at eU (/home/dell/aurvyz/aurvyz/frontend/node_modules/next/dist/compiled/next-server/app-page.runtime.prod.js:84:26231)
    at eB (/home/dell/aurvyz/aurvyz/frontend/node_modules/next/dist/compiled/next-server/app-page.runtime.prod.js:84:26461)
    at eq (/home/dell/aurvyz/aurvyz/frontend/node_modules/next/dist/compiled/next-server/app-page.runtime.prod.js:84:27015)
Export encountered an error on /_not-found/page: /_not-found, exiting the build.
 ⨯ Next.js build worker exited with code: 1 and signal: null
